=== FINAL S6 @ 26fe1f1b651c3b93d91cce954919f1eb0016efcc ===
Mon Aug 24 18:22:49 CST 2026
--- paired ---
provenance: binary 26fe1f1b651c | run start 26fe1f1b651c
running 25 strategies (with-v3) x 1000 simulations x 10000 steps (mode normalizer, workers 14)

full-range V3 sanity: gates PASS (0 capacity-limited, 0 probe reverts, 0 curve reverts) | DIAGNOSTIC (not a bound): max |netEdge residual vs UniV2| 6.773e-1 over 1000 seeds, reference scale 4.528e1, 0 seed(s) above it

strategy                       netEdge mean     retailEdge        arbEdge net>0 rate
flashbots-c1                         0.0456       500.6135      -500.5680      58.6%
flashbots-c2                         0.0411       413.1143      -413.0732      56.3%
dodo-k1000000000000000000            0.0383       499.9358      -499.8975      56.8%
dodo-k500000000000000000             0.0352       408.9688      -408.9336      55.8%
flashbots-c5                         0.0306       250.5967      -250.5661      56.3%
dodo-k200000000000000000             0.0215       247.0752      -247.0537      55.7%
flashbots-c10                        0.0180       144.4662      -144.4482      57.7%
dodo-k100000000000000000             0.0145       142.7876      -142.7730      55.6%
flashbots-c20                        0.0099        74.6915       -74.6816      59.8%
dodo-k50000000000000000              0.0087        74.3131       -74.3044      57.2%
flashbots-c50                        0.0054        30.1231       -30.1177      65.4%
dodo-k20000000000000000              0.0048        30.1276       -30.1228      60.5%
flashbots-c100                       0.0041        15.0830       -15.0789      71.3%
dodo-k10000000000000000              0.0035        15.1208       -15.1173      63.9%
flashbots-c1000                      0.0024         1.5082        -1.5058      85.2%
dodo-k1000000000000000               0.0020         1.5284        -1.5265      74.8%
univ3-full-range-zero-fee         -398.8352       502.5777      -901.4129       0.1%
univ2-zero-fee                    -398.8394       502.5850      -901.4244       0.1%
univ3-conc-c2                     -796.4345       410.6524     -1207.0869       0.1%
univ3-conc-c5                    -1573.5135       222.3417     -1795.8553       0.0%
univ3-conc-c10                   -2061.8176       116.2418     -2178.0593       0.0%
univ3-conc-c20                   -2405.4286        72.7695     -2478.1981       0.0%
univ3-conc-c50                   -2668.1960        66.7165     -2734.9125       0.0%
univ3-conc-c100                  -2749.5190        72.7861     -2822.3051       0.0%
univ3-conc-c1000                 -2805.2141        89.6422     -2894.8563       0.0%

paired netEdge delta (Flashbots - DODO), per pairing row, 95% CI on per-seed differences:
pairing            mean                     95% CI        t   win rate verdict
#0              0.00721     -0.01231      0.02672     0.72      50.2% not distinguishable
#1              0.00587     -0.01215      0.02389     0.64      50.5% not distinguishable
#2              0.00913     -0.00332      0.02158     1.44      49.6% not distinguishable
#3              0.00344     -0.00509      0.01197     0.79      51.5% not distinguishable
#4              0.00125     -0.00391      0.00641     0.48      49.2% not distinguishable
#5              0.00061     -0.00173      0.00294     0.51      49.9% not distinguishable
#6              0.00052     -0.00071      0.00176     0.83      51.2% not distinguishable
#7              0.00046      0.00022      0.00069     3.77      52.9% significant

curve reverts: 0 (the ported pricing functions never hit a revert branch; this is not a claim that a full on-chain swap would succeed — pool-level guards are out of scope)
finished in 2181.1s
wrote research-out/final-paired-with-v3/summary.json
wrote research-out/final-paired-with-v3/summary.csv
wrote research-out/final-paired-with-v3/runs.csv
wrote research-out/final-paired-with-v3/paired-stats.json
wrote research-out/final-paired-with-v3/paired-deltas.csv
wrote research-out/final-paired-with-v3/attribution.csv
wrote research-out/final-paired-with-v3/REPORT-dodo-vs-flashbots.zh-CN.md
wrote research-out/final-paired-with-v3/dodo-vs-flashbots.csv
wrote research-out/final-paired-with-v3/dodo-vs-flashbots.json
wrote research-out/final-paired-with-v3/REPORT-vs-baselines.zh-CN.md
wrote research-out/final-paired-with-v3/versus-baselines.csv
wrote research-out/final-paired-with-v3/versus-baselines.json
wrote research-out/final-paired-with-v3/REPORT.zh-CN.md
wrote research-out/final-paired-with-v3/univ3-capacity.csv
wrote research-out/final-paired-with-v3/univ3-attribution.csv
wrote research-out/final-paired-with-v3/mid-price.json
wrote research-out/final-paired-with-v3/quote-matrix.csv
wrote research-out/final-paired-with-v3/quote-matrix.json
wrote research-out/final-paired-with-v3/MANIFEST.sha256

provenance: binary 26fe1f1b651c | run start 26fe1f1b651c | run end 26fe1f1b651c | match: yes
publishable: YES  (provenanceMatch && curveReverts==0 && capacityProbeReverts==0 && fullRangeCapacityLimited==0)
--- solo ---
Mon Aug 24 18:59:10 CST 2026
provenance: binary 26fe1f1b651c | run start 26fe1f1b651c
running 25 strategies (with-v3) x 1000 simulations x 10000 steps (mode solo, workers 14)

full-range V3 sanity: gates PASS (0 capacity-limited, 0 probe reverts, 0 curve reverts) | DIAGNOSTIC (not a bound): max |netEdge residual vs UniV2| 4.379e-1 over 1000 seeds, reference scale 4.953e1, 0 seed(s) above it

strategy                       netEdge mean     retailEdge        arbEdge net>0 rate
flashbots-c1                         0.1540      1454.7194     -1454.5654      53.7%
dodo-k1000000000000000000            0.1289      1401.6385     -1401.5096      53.8%
flashbots-c2                         0.0799       741.8463      -741.7665      54.3%
dodo-k500000000000000000             0.0680       726.2641      -726.1960      53.8%
flashbots-c5                         0.0336       300.5287      -300.4951      55.1%
dodo-k200000000000000000             0.0291       297.9236      -297.8946      54.6%
flashbots-c10                        0.0178       150.9838      -150.9661      56.7%
dodo-k100000000000000000             0.0159       150.3952      -150.3792      55.6%
flashbots-c20                        0.0102        75.6284       -75.6183      60.6%
dodo-k50000000000000000              0.0091        75.5679       -75.5588      56.6%
flashbots-c50                        0.0055        30.3081       -30.3026      63.9%
dodo-k20000000000000000              0.0048        30.3460       -30.3413      60.5%
flashbots-c100                       0.0039        15.1516       -15.1477      70.4%
dodo-k10000000000000000              0.0036        15.1906       -15.1871      64.5%
flashbots-c1000                      0.0024         1.5134        -1.5109      85.2%
dodo-k1000000000000000               0.0020         1.5346        -1.5325      78.0%
univ2-zero-fee                    -398.7534      1390.2405     -1788.9939       0.1%
univ3-full-range-zero-fee         -398.7553      1390.2421     -1788.9973       0.1%
univ3-conc-c2                     -796.4758       716.7231     -1513.1990       0.1%
univ3-conc-c5                    -1573.0291      1739.4028     -3312.4319       0.0%
univ3-conc-c10                   -2060.9189      4407.3840     -6468.3029       0.0%
univ3-conc-c20                   -2404.1183      6944.7005     -9348.8188       0.0%
univ3-conc-c50                   -2666.6267      9218.8375    -11885.4641       0.0%
univ3-conc-c100                  -2747.7324     10186.7527    -12934.4851       0.0%
univ3-conc-c1000                 -2803.3409     11201.5480    -14004.8889       0.0%

paired netEdge delta (Flashbots - DODO), per pairing row, 95% CI on per-seed differences:
pairing            mean                     95% CI        t   win rate verdict
#0              0.02512     -0.04875      0.09899     0.67      51.1% not distinguishable
#1              0.01183     -0.03181      0.05547     0.53      50.1% not distinguishable
#2              0.00452     -0.01594      0.02499     0.43      49.6% not distinguishable
#3              0.00182     -0.00919      0.01283     0.32      49.6% not distinguishable
#4              0.00109     -0.00468      0.00685     0.37      48.7% not distinguishable
#5              0.00070     -0.00169      0.00309     0.58      50.4% not distinguishable
#6              0.00028     -0.00094      0.00150     0.45      50.6% not distinguishable
#7              0.00042      0.00018      0.00066     3.48      56.0% significant

curve reverts: 0 (the ported pricing functions never hit a revert branch; this is not a claim that a full on-chain swap would succeed — pool-level guards are out of scope)
finished in 2634.1s
wrote research-out/final-solo-with-v3/summary.json
wrote research-out/final-solo-with-v3/summary.csv
wrote research-out/final-solo-with-v3/runs.csv
wrote research-out/final-solo-with-v3/paired-stats.json
wrote research-out/final-solo-with-v3/paired-deltas.csv
wrote research-out/final-solo-with-v3/attribution.csv
wrote research-out/final-solo-with-v3/REPORT-dodo-vs-flashbots.zh-CN.md
wrote research-out/final-solo-with-v3/dodo-vs-flashbots.csv
wrote research-out/final-solo-with-v3/dodo-vs-flashbots.json
wrote research-out/final-solo-with-v3/REPORT-vs-baselines.zh-CN.md
wrote research-out/final-solo-with-v3/versus-baselines.csv
wrote research-out/final-solo-with-v3/versus-baselines.json
wrote research-out/final-solo-with-v3/REPORT.zh-CN.md
wrote research-out/final-solo-with-v3/univ3-capacity.csv
wrote research-out/final-solo-with-v3/univ3-attribution.csv
wrote research-out/final-solo-with-v3/mid-price.json
wrote research-out/final-solo-with-v3/quote-matrix.csv
wrote research-out/final-solo-with-v3/quote-matrix.json
wrote research-out/final-solo-with-v3/MANIFEST.sha256

provenance: binary 26fe1f1b651c | run start 26fe1f1b651c | run end 26fe1f1b651c | match: yes
publishable: YES  (provenanceMatch && curveReverts==0 && capacityProbeReverts==0 && fullRangeCapacityLimited==0)
=== FINAL S6 DONE ===
Mon Aug 24 19:43:04 CST 2026
